static sprite id=1 320x200 "sky"
static sprite id=311 32x32 "tile 11"
static sprite id=309 32x32 "tile 9"
static sprite id=310 32x32 "tile 10"
static sprite id=316 32x32 "tile 16"
static sprite id=320 32x32 "tile 20"
static sprite id=352 32x32 "tile 52"
static sprite id=313 32x32 "tile 13"
static sprite id=318 32x32 "tile 18"
static sprite id=319 32x32 "tile 19"
static sprite id=314 32x32 "tile 14"
static sprite id=354 32x32 "tile 54"
static sprite id=315 32x32 "tile 15"
static sprite id=312 32x32 "tile 12"
static sprite id=360 32x32 "tile 60"
static sprite id=100 32x32 "player 0 left PlayerStand"
static sprite id=104 32x32 "player 0 right PlayerStand"
static sprite id=101 32x32 "player 0 left PlayerWalkA"
static sprite id=105 32x32 "player 0 right PlayerWalkA"
static sprite id=102 32x32 "player 0 left PlayerWalkB"
static sprite id=106 32x32 "player 0 right PlayerWalkB"
static sprite id=103 32x32 "player 0 left PlayerJump"
static sprite id=107 32x32 "player 0 right PlayerJump"
static sprite id=200 1x1 "radar 0"
static sprite id=108 32x32 "player 1 left PlayerStand"
static sprite id=112 32x32 "player 1 right PlayerStand"
static sprite id=109 32x32 "player 1 left PlayerWalkA"
static sprite id=113 32x32 "player 1 right PlayerWalkA"
static sprite id=110 32x32 "player 1 left PlayerWalkB"
static sprite id=114 32x32 "player 1 right PlayerWalkB"
static sprite id=111 32x32 "player 1 left PlayerJump"
static sprite id=115 32x32 "player 1 right PlayerJump"
static sprite id=201 1x1 "radar 1"
static sprite id=116 32x32 "player 2 left PlayerStand"
static sprite id=120 32x32 "player 2 right PlayerStand"
static sprite id=117 32x32 "player 2 left PlayerWalkA"
static sprite id=121 32x32 "player 2 right PlayerWalkA"
static sprite id=118 32x32 "player 2 left PlayerWalkB"
static sprite id=122 32x32 "player 2 right PlayerWalkB"
static sprite id=119 32x32 "player 2 left PlayerJump"
static sprite id=123 32x32 "player 2 right PlayerJump"
static sprite id=202 1x1 "radar 2"
static sprite id=124 32x32 "player 3 left PlayerStand"
static sprite id=128 32x32 "player 3 right PlayerStand"
static sprite id=125 32x32 "player 3 left PlayerWalkA"
static sprite id=129 32x32 "player 3 right PlayerWalkA"
static sprite id=126 32x32 "player 3 left PlayerWalkB"
static sprite id=130 32x32 "player 3 right PlayerWalkB"
static sprite id=127 32x32 "player 3 left PlayerJump"
static sprite id=131 32x32 "player 3 right PlayerJump"
static sprite id=203 1x1 "radar 3"
static sprite id=132 32x32 "player 4 left PlayerStand"
static sprite id=136 32x32 "player 4 right PlayerStand"
static sprite id=133 32x32 "player 4 left PlayerWalkA"
static sprite id=137 32x32 "player 4 right PlayerWalkA"
static sprite id=134 32x32 "player 4 left PlayerWalkB"
static sprite id=138 32x32 "player 4 right PlayerWalkB"
static sprite id=135 32x32 "player 4 left PlayerJump"
static sprite id=139 32x32 "player 4 right PlayerJump"
static sprite id=204 1x1 "radar 4"
static sprite id=140 32x32 "player 5 left PlayerStand"
static sprite id=144 32x32 "player 5 right PlayerStand"
static sprite id=141 32x32 "player 5 left PlayerWalkA"
static sprite id=145 32x32 "player 5 right PlayerWalkA"
static sprite id=142 32x32 "player 5 left PlayerWalkB"
static sprite id=146 32x32 "player 5 right PlayerWalkB"
static sprite id=143 32x32 "player 5 left PlayerJump"
static sprite id=147 32x32 "player 5 right PlayerJump"
static sprite id=205 1x1 "radar 5"
static sprite id=148 32x32 "player 6 left PlayerStand"
static sprite id=152 32x32 "player 6 right PlayerStand"
static sprite id=149 32x32 "player 6 left PlayerWalkA"
static sprite id=153 32x32 "player 6 right PlayerWalkA"
static sprite id=150 32x32 "player 6 left PlayerWalkB"
static sprite id=154 32x32 "player 6 right PlayerWalkB"
static sprite id=151 32x32 "player 6 left PlayerJump"
static sprite id=155 32x32 "player 6 right PlayerJump"
static sprite id=206 1x1 "radar 6"
static sprite id=156 32x32 "player 7 left PlayerStand"
static sprite id=160 32x32 "player 7 right PlayerStand"
static sprite id=157 32x32 "player 7 left PlayerWalkA"
static sprite id=161 32x32 "player 7 right PlayerWalkA"
static sprite id=158 32x32 "player 7 left PlayerWalkB"
static sprite id=162 32x32 "player 7 right PlayerWalkB"
static sprite id=159 32x32 "player 7 left PlayerJump"
static sprite id=163 32x32 "player 7 right PlayerJump"
static sprite id=207 1x1 "radar 7"
static sky
f=1 text id=10000 "name lf2"
f=1 text id=10001 "name lf3"
f=1 text id=10002 "name lf0"
f=1 text id=10003 "name lf1"
f=1 text id=7000 "0"
static tile cell=(0,15) world=(0,480) gid=11 "tile 11"
static tile cell=(1,15) world=(32,480) gid=9 "tile 9"
static tile cell=(2,15) world=(64,480) gid=9 "tile 9"
static tile cell=(3,15) world=(96,480) gid=9 "tile 9"
static tile cell=(4,15) world=(128,480) gid=9 "tile 9"
static tile cell=(5,15) world=(160,480) gid=9 "tile 9"
static tile cell=(6,15) world=(192,480) gid=9 "tile 9"
static tile cell=(7,15) world=(224,480) gid=9 "tile 9"
static tile cell=(8,15) world=(256,480) gid=10 "tile 10"
f=23 lf0: stopped
f=23 lf0: falling
f=23 lf3: stopped
f=23 lf3: falling
f=23 lf1: moving right
f=23 lf1: falling
f=23 lf2: moving right
f=23 lf2: falling
f=24 lf0: moving right
f=25 lf3: moving right
f=26 lf1: on ground
f=26 lf0: on ground
f=26 lf2: on ground
f=27 lf3: on top of lf1
f=29 lf2: falling
f=32 lf2: stopped
f=39 lf2: moving right
static tile cell=(10,14) world=(320,448) gid=11 "tile 11"
static tile cell=(10,15) world=(320,480) gid=18 "tile 18"
f=40 lf2: stopped
f=40 terrain: pit (bottomless) 1 tile (32px) wide at x=288..319, 124px to the right
f=41 lf1: falling
f=42 lf3: falling
f=42 lf2: moving right
f=42 lf1: at wall on right
f=43 lf2: died (fell at x=302)
f=43 lf3: on top of lf1
f=44 lf1: stopped
static tile cell=(11,14) world=(352,448) gid=10 "tile 10"
static tile cell=(11,15) world=(352,480) gid=19 "tile 19"
f=46 lf3: at wall on right
f=48 lf3: stopped
static tile cell=(12,15) world=(384,480) gid=9 "tile 9"
f=50 lf1: off wall
f=51 lf1: moving right
f=53 lf0: jumping
f=53 lf3: off wall
static tile cell=(13,13) world=(416,416) gid=11 "tile 11"
static tile cell=(13,14) world=(416,448) gid=18 "tile 18"
static tile cell=(13,15) world=(416,480) gid=18 "tile 18"
f=54 terrain: hole 1 tile (32px) wide, 1 tile (32px) deep at x=384..415, 127px to the right
f=54 terrain: step up 2 tiles (64px) at x=416, 159px to the right
f=55 lf3: moving right
f=55 lf1: died (fell at x=310)
f=58 lf3: died (fell at x=306)
static tile cell=(14,9) world=(448,288) gid=16 "tile 16"
static tile cell=(14,13) world=(448,416) gid=9 "tile 9"
static tile cell=(14,14) world=(448,448) gid=12 "tile 12"
static tile cell=(14,15) world=(448,480) gid=12 "tile 12"
f=61 terrain: wall 4 tiles (128px) tall at x=448, 144px to the right
static tile cell=(15,13) world=(480,416) gid=9 "tile 9"
static tile cell=(15,14) world=(480,448) gid=12 "tile 12"
f=68 lf0: falling
static tile cell=(16,13) world=(512,416) gid=10 "tile 10"
static tile cell=(16,14) world=(512,448) gid=19 "tile 19"
static tile cell=(15,15) world=(480,480) gid=12 "tile 12"
static tile cell=(16,15) world=(512,480) gid=19 "tile 19"
f=77 lf0: on ground
f=79 lf0: jumping
f=90 lf2: respawned at (101,128)
f=91 lf2: stopped
f=91 lf2: falling
f=94 lf0: falling
static tile cell=(19,14) world=(608,448) gid=60 "tile 60"
static tile cell=(18,15) world=(576,480) gid=11 "tile 11"
static tile cell=(19,15) world=(608,480) gid=9 "tile 9"
static tile cell=(20,15) world=(640,480) gid=9 "tile 9"
static tile cell=(21,15) world=(672,480) gid=9 "tile 9"
f=101 terrain: pit (bottomless) 1 tile (32px) wide at x=544..575, 20px to the right
f=102 lf1: respawned at (183,128)
f=103 lf1: stopped
f=103 lf1: falling
f=103 lf0: on ground
f=104 lf0: jumping
f=105 lf3: respawned at (133,128)
f=106 lf3: stopped
f=106 lf3: falling
static tile cell=(23,12) world=(736,384) gid=11 "tile 11"
static tile cell=(23,13) world=(736,416) gid=18 "tile 18"
f=114 lf2: moving right
static tile cell=(24,12) world=(768,384) gid=9 "tile 9"
f=119 lf0: falling
static tile cell=(24,13) world=(768,416) gid=12 "tile 12"
static tile cell=(25,12) world=(800,384) gid=9 "tile 9"
static tile cell=(25,13) world=(800,416) gid=12 "tile 12"
f=124 lf1: moving right
static tile cell=(23,14) world=(736,448) gid=18 "tile 18"
static tile cell=(24,14) world=(768,448) gid=12 "tile 12"
static tile cell=(25,14) world=(800,448) gid=12 "tile 12"
static tile cell=(26,12) world=(832,384) gid=10 "tile 10"
static tile cell=(26,13) world=(832,416) gid=19 "tile 19"
static tile cell=(26,14) world=(832,448) gid=19 "tile 19"
static tile cell=(22,15) world=(704,480) gid=9 "tile 9"
static tile cell=(23,15) world=(736,480) gid=18 "tile 18"
static tile cell=(24,15) world=(768,480) gid=12 "tile 12"
static tile cell=(25,15) world=(800,480) gid=12 "tile 12"
static tile cell=(26,15) world=(832,480) gid=19 "tile 19"
f=129 lf3: moving right
f=129 terrain: wall 3 tiles (96px) tall at x=736, 49px to the right
static tile cell=(27,15) world=(864,480) gid=9 "tile 9"
f=134 lf0: at wall on right
f=135 lf0: on ground
f=136 lf0: stopped
f=137 lf2: jumping
f=141 lf1: falling
f=144 lf1: stopped
f=147 lf3: jumping
f=151 lf1: moving right
f=152 lf2: falling
f=155 lf1: died (fell at x=310)
f=162 lf3: falling
f=162 lf2: jumping
f=172 lf3: jumping
f=177 lf2: falling
f=187 lf3: falling
f=187 lf2: jumping
f=197 lf3: jumping
f=202 lf1: respawned at (118,128)
f=202 lf2: falling
f=203 lf1: stopped
f=203 lf1: falling
f=212 lf3: falling
f=216 lf2: on top of lf0
f=217 lf2: jumping
f=218 lf2: at wall on right
f=219 lf2: stopped
f=224 lf2: off wall
f=225 lf2: moving right
f=226 lf1: moving right
f=226 lf3: on top of lf0
f=227 lf3: jumping
f=227 lf3: at wall on right
f=228 lf3: stopped
f=232 lf2: falling
f=234 lf3: off wall
f=236 lf3: moving right
f=236 lf2: on ground
f=242 lf3: falling
f=242 lf2: jumping
f=246 lf1: jumping
f=246 lf3: on ground
f=253 lf3: jumping
f=257 lf2: falling
f=261 lf1: falling
f=268 lf3: falling
f=271 lf1: jumping
f=286 lf1: falling
f=286 lf2: jumping
f=296 lf1: jumping
f=297 lf3: jumping
f=301 lf2: falling
f=307 lf2: stopped
f=311 lf1: falling
f=312 lf3: falling
f=318 lf3: stopped
f=325 lf1: on top of lf0
f=326 lf1: jumping
f=326 lf1: at wall on right
f=326 lf3: on top of lf2
f=328 lf1: stopped
f=333 lf1: off wall
f=335 lf1: moving right
f=341 lf1: falling
f=345 lf1: on ground
f=352 lf1: jumping
f=367 lf1: falling
f=396 lf1: jumping
f=411 lf1: falling
f=417 lf1: stopped
f=423 lf1: on top of lf3
f=560 lf2: moving left
f=566 lf3: falling
f=566 lf1: falling
f=567 lf2: jumping
f=569 lf3: moving left
f=574 lf2: stopped
f=575 lf1: falling
f=576 lf3: jumping
f=576 lf2: moving right
f=581 lf2: on top of lf3
f=582 lf2: falling
f=583 lf3: stopped
f=585 lf3: moving right
f=586 lf2: stopped
f=591 lf3: falling
f=591 lf2: on top of lf1
f=595 lf3: stopped
f=597 lf3: on top of lf2
